// Jest Snapshot v1, https://goo.gl/fbAQLP

exports[`MFE Remote App Generator should generate a remote mfe app with a host 1`] = `
"const { withModuleFederation } = require('@nrwl/angular/module-federation');
const config = require('./mfe.config');
module.exports = withModuleFederation(config);"
`;

exports[`MFE Remote App Generator should generate a remote mfe app with a host 2`] = `
"const { withModuleFederation } = require('@nrwl/angular/module-federation');
const config = require('./mfe.config');
module.exports = withModuleFederation(config);"
`;

exports[`MFE Remote App Generator should generate a remote mfe app with no host 1`] = `
"const { withModuleFederation } = require('@nrwl/angular/module-federation');
const config = require('./mfe.config');
module.exports = withModuleFederation(config);"
`;
