// Jest Snapshot v1, https://goo.gl/fbAQLP

exports[`component Generator --flat should create the component correctly and export it 1`] = `
"import { Component, OnInit } from '@angular/core';

@Component({
  selector: 'example',
  templateUrl: './example.component.html',
  styleUrls: ['./example.component.css']
})
export class ExampleComponent implements OnInit {

  constructor() { }

  ngOnInit(): void {
  }

}
"
`;

exports[`component Generator --flat should create the component correctly and not export it 1`] = `
"import { Component, OnInit } from '@angular/core';

@Component({
  selector: 'example',
  templateUrl: './example.component.html',
  styleUrls: ['./example.component.css']
})
export class ExampleComponent implements OnInit {

  constructor() { }

  ngOnInit(): void {
  }

}
"
`;

exports[`component Generator --path should create the component correctly and export it 1`] = `
"import { Component, OnInit } from '@angular/core';

@Component({
  selector: 'example',
  templateUrl: './example.component.html',
  styleUrls: ['./example.component.css']
})
export class ExampleComponent implements OnInit {

  constructor() { }

  ngOnInit(): void {
  }

}
"
`;

exports[`component Generator should create the component correctly and export it 1`] = `
"import { Component, OnInit } from '@angular/core';

@Component({
  selector: 'example',
  templateUrl: './example.component.html',
  styleUrls: ['./example.component.css']
})
export class ExampleComponent implements OnInit {

  constructor() { }

  ngOnInit(): void {
  }

}
"
`;

exports[`component Generator should create the component correctly and export it 2`] = `
"
    export * from \\"./lib/example/example.component\\";"
`;

exports[`component Generator should create the component correctly and not export it 1`] = `
"import { Component, OnInit } from '@angular/core';

@Component({
  selector: 'example',
  templateUrl: './example.component.html',
  styleUrls: ['./example.component.css']
})
export class ExampleComponent implements OnInit {

  constructor() { }

  ngOnInit(): void {
  }

}
"
`;

exports[`component Generator should create the component correctly and not export it when "--skip-import=true" 1`] = `
"import { Component, OnInit } from '@angular/core';

@Component({
  selector: 'example',
  templateUrl: './example.component.html',
  styleUrls: ['./example.component.css']
})
export class ExampleComponent implements OnInit {

  constructor() { }

  ngOnInit(): void {
  }

}
"
`;

exports[`component Generator should create the component correctly but not export it when no entry point exists 1`] = `
"import { Component, OnInit } from '@angular/core';

@Component({
  selector: 'example',
  templateUrl: './example.component.html',
  styleUrls: ['./example.component.css']
})
export class ExampleComponent implements OnInit {

  constructor() { }

  ngOnInit(): void {
  }

}
"
`;
