// Jest Snapshot v1, https://goo.gl/fbAQLP

exports[`workspace move to nx layout should update tsconfig.base.json if present 1`] = `
Object {
  "compilerOptions": Object {
    "baseUrl": ".",
    "paths": Object {},
    "rootDir": ".",
  },
}
`;

exports[`workspace move to nx layout should update tsconfig.json if tsconfig.base.json if present 1`] = `
Object {
  "compilerOptions": Object {
    "baseUrl": ".",
    "paths": Object {},
    "rootDir": ".",
  },
}
`;
