// Jest Snapshot v1, https://goo.gl/fbAQLP

exports[`Update .lib.swcrc exclude should update the exclude pattern 1`] = `
"{
  \\"jsc\\": {
    \\"target\\": \\"es2017\\",
    \\"parser\\": {
      \\"syntax\\": \\"typescript\\",
      \\"decorators\\": true,
      \\"dynamicImport\\": true
    },
    \\"transform\\": {
      \\"decoratorMetadata\\": true,
      \\"legacyDecorator\\": true
    },
    \\"keepClassNames\\": true,
    \\"externalHelpers\\": true,
    \\"loose\\": true
  },
  \\"module\\": {
    \\"type\\": \\"commonjs\\",
    \\"strict\\": true,
    \\"noInterop\\": true
  },
  \\"sourceMaps\\": true,
  \\"exclude\\": [
    \\".*.spec.tsx?$\\",
    \\".*.test.tsx?$\\",
    \\"./src/jest-setup.ts$\\",
    \\"./**/jest-setup.ts$\\",
    \\".*.js$\\"
  ]
}
"
`;
