// Jest Snapshot v1, https://goo.gl/fbAQLP

exports[`Jest Migration (v14.1.2) should convert module.exports => export default 1`] = `
"const { getJestProjects } = require('@nrwl/jest');
const nxPreset = require('@nrwl/jest/preset');


const someFn = () => ({more: 'stuff'});
module.export.abc = someFn;
export default {
...nxPreset,
more: 'stuff',
someFn,
projects: getJestProjects()
};"
`;

exports[`Jest Migration (v14.1.2) should update individual project jest configs 1`] = `
"
const nxPreset = require('@nrwl/jest/preset').default;
const someOtherImport = require('../something/else.js');
export default {
  ...someOtherImport,
  ...nxPreset,
  displayName: 'lib-one',
  preset: '../../jest.preset.js',
  setupFilesAfterEnv: ['<rootDir>/src/test-setup.ts'],
  globals: {
    'ts-jest': {
      tsconfig: '<rootDir>/tsconfig.spec.json',
      stringifyContentPathRegex: '\\\\\\\\.(html|svg)$',
    },
  },
  coverageDirectory: '../../coverage/apps/lib-one',
  transform: {
    '^.+\\\\\\\\.(ts|mjs|js|html)$': 'jest-preset-angular',
  },
  transformIgnorePatterns: ['node_modules/(?!.*\\\\\\\\.mjs$)'],
  snapshotSerializers: [
    'jest-preset-angular/build/serializers/no-ng-attributes',
    'jest-preset-angular/build/serializers/ng-snapshot',
    'jest-preset-angular/build/serializers/html-comment',
  ],
};
"
`;

exports[`Jest Migration (v14.1.2) should work with multiple configurations 1`] = `
"
const nxPreset = require('@nrwl/jest/preset').default;
const someOtherImport = require('../something/else.js');
export default {
  ...someOtherImport,
  ...nxPreset,
  displayName: 'lib-one',
  preset: '../../jest.preset.js',
  setupFilesAfterEnv: ['<rootDir>/src/test-setup.ts'],
  globals: {
    'ts-jest': {
      tsconfig: '<rootDir>/tsconfig.spec.json',
      stringifyContentPathRegex: '\\\\\\\\.(html|svg)$',
    },
  },
  coverageDirectory: '../../coverage/apps/lib-one',
  transform: {
    '^.+\\\\\\\\.(ts|mjs|js|html)$': 'jest-preset-angular',
  },
  transformIgnorePatterns: ['node_modules/(?!.*\\\\\\\\.mjs$)'],
  snapshotSerializers: [
    'jest-preset-angular/build/serializers/no-ng-attributes',
    'jest-preset-angular/build/serializers/ng-snapshot',
    'jest-preset-angular/build/serializers/html-comment',
  ],
};
"
`;
