// Jest Snapshot v1, https://goo.gl/fbAQLP

exports[`jest should generate files  1`] = `
"import { getJestProjects } from '@nrwl/jest';

export default {
projects: getJestProjects()
};"
`;

exports[`jest should generate files  2`] = `
"const nxPreset = require('@nrwl/jest/preset').default;

module.exports = { ...nxPreset }"
`;

exports[`jest should generate files with --js flag 1`] = `
"const { getJestProjects } = require('@nrwl/jest');

module.exports = {
projects: getJestProjects()
};"
`;

exports[`jest should generate files with --js flag 2`] = `
"const nxPreset = require('@nrwl/jest/preset').default;

module.exports = { ...nxPreset }"
`;
